5 конфеток осталось...
4 конфетки осталось...
3 конфетки осталось...
2 конфетки осталось...
1 конфетка осталась...
Конфеток не осталось!
[ENDCASE]