Лучше в мире нет пока факультета ВМК?
Верно! Ураааа!
[ENDCASE]
Лучше в мире нет пока факультета ВМК?
Нет, Вы ошиблись!
[ENDCASE]