Вы: Доктор, у меня недосып!
Доктор: Так давайте я Вам досыплю!
*сып-сып*
Доктор: Ещё? (Да/Нет)
*сып-сып*
Доктор: Ещё? (Да/Нет)
*сып-сып*
Доктор: Ещё? (Да/Нет)
Доктор: Приходите ещё!
[ENDCASE]