Привет из первого вложенного файла!
Привет из второго вложенного файла!
[ENDCASE]