1000900 1000800
[ENDCASE]
1001000 1002000
[ENDCASE]