Введите цифру 5!
Не та цифра!
Введите цифру 5!
Не та цифра!
Введите цифру 5!
Не та цифра!
Введите цифру 5!
Не та цифра!
Введите цифру 5!
Правильно, спасибо!
Вы пытались 5 раз
[ENDCASE]
Введите цифру 5!
Правильно, спасибо!
Вы пытались 1 раз
[ENDCASE]
Введите цифру 5!
Не та цифра!
Введите цифру 5!
Правильно, спасибо!
Вы пытались 2 раз
[ENDCASE]