10
13.56
Hello!
true
[ENDCASE]
10
123.0
Wow
false
[ENDCASE]