Квадратный корень: 0
[ENDCASE]
Отрицательные числа использовать нельзя!
[ENDCASE]
Квадратный корень: 4.12311
[ENDCASE]