Чётное число!
a % 2 == 0 = true
[ENDCASE]
Нечётное число!
a % 2 == 0 = false
[ENDCASE]