Длина окружности с радиусом 5 равна: 31.4
Длина окружности с радиусом 10 равна: 62.8
[ENDCASE]