1234
abc1234abcd114
109
104
99
abcstepstepstep
[ENDCASE]