Как тебя зовут?
Привет, мир!
[ENDCASE]
Как тебя зовут?
Привет, солнышко!
[ENDCASE]