[строка 2]: Плохой тип.
    shared. a = 1;

ОШИБКА КОМПИЛЯЦИИ
[ENDCASE]