[строка 1]: Ожидалось получить (.
def funca): int {}

ОШИБКА КОМПИЛЯЦИИ
[ENDCASE]