[строка 6]: Break вне цикла.
    break;

[строка 7]: Continue вне цикла.
    continue;

ОШИБКА КОМПИЛЯЦИИ
[ENDCASE]