[строка 1]: Неизвестная область программы.
pow(real x; int a): real {

ОШИБКА КОМПИЛЯЦИИ
[ENDCASE]