[строка 3]: Повторное описание идентификатора.
    real a = 2.0;

ОШИБКА КОМПИЛЯЦИИ
[ENDCASE]