[строка 9]: Неверное количество фактических параметров.
    a = func(1);

[строка 11]: Неподходящий тип выражения.
    a = func("wow");

ОШИБКА КОМПИЛЯЦИИ
[ENDCASE]