[строка 2]: Модификатор должен использоваться с типом переменной.
    shared a = 1;

ОШИБКА КОМПИЛЯЦИИ
[ENDCASE]