[строка 2]: Поток должен иметь свой номер, отделённый двоеточием.
    thread { write("ERROR"); }

ОШИБКА КОМПИЛЯЦИИ
[ENDCASE]