[строка 3]: Вложенное описание потоков запрещено.
        thread:2 { write("ERROR"); }

ОШИБКА КОМПИЛЯЦИИ
[ENDCASE]