[строка 4]: В потоках можно использовать только общие переменные.
    thread:1 { i = i + 1; }

ОШИБКА КОМПИЛЯЦИИ
[ENDCASE]