[строка 12]: Идентификатор не описан.
    write(x);

[строка 13]: Идентификатор не описан.
    write(y);

[строка 14]: Идентификатор не описан.
    write(a);

[строка 15]: Идентификатор не описан.
    write(b);

ОШИБКА КОМПИЛЯЦИИ
