[строка 3]: Повторное описание идентификатора.
    real a = 2.0;

[строка 4]: Ожидалось получить ;.
    real b = 3;

ОШИБКА КОМПИЛЯЦИИ
