[строка 2]: Ожидалось получить ).
def abc(int i, real j): real {}

ОШИБКА КОМПИЛЯЦИИ
[ENDCASE]