[строка 6]: Идентификатор не описан.
    return root( p.x * p.x + p.y * p.y);

[строка 11]: Плохой идентификатор.
    write( length( {x = 3, y = 4} ) );

[строка 12]: Структуры не могут участвовать в выражениях.
    write( length( p ) );

ОШИБКА КОМПИЛЯЦИИ
