[строка 4]: Выражение должно быть условным.
    if (x) write("ERROR");

[строка 6]: Выражение должно быть условным.
    for (int i = 0; i; i = i + x) x = i;

[строка 8]: Выражение должно быть условным.
    while(x) write("ERROR");

ОШИБКА КОМПИЛЯЦИИ
