[строка 5]: Идентификатор не описан.
    return x * y;

ОШИБКА КОМПИЛЯЦИИ
