[строка 1]: Ожидалось получить тип функции.
def somefunc(): {

ОШИБКА КОМПИЛЯЦИИ
[ENDCASE]