[строка 2]: Ожидалось получить целое число.
    int a = true;

[строка 3]: Ожидалось получить ;.
    real b = 3;

ОШИБКА КОМПИЛЯЦИИ
[ENDCASE]