[строка 2]: Процедуры не поддерживаются.
def procedure() {}

ОШИБКА КОМПИЛЯЦИИ
