[строка 19]: Несовпадение типов выражения.
    a = b;

[строка 21]: Несовпадение типов выражения.
    a = c;

ОШИБКА КОМПИЛЯЦИИ
