[строка 3]: Нет выхода из функции.
}

ОШИБКА КОМПИЛЯЦИИ
