[строка 9]: Неверное количество фактических параметров.
    a = func(1);

[строка 11]: Несовпадение типов выражения.
    a = func("wow");

ОШИБКА КОМПИЛЯЦИИ
