[строка 3]: Идентификатор не описан.
    k = ( i + j ) * 2;

ОШИБКА КОМПИЛЯЦИИ
[ENDCASE]