[строка 2]: Неверный тип возвращаемого параметра.
    return "ERROR";

ОШИБКА КОМПИЛЯЦИИ
[ENDCASE]