[строка 2]: Ожидалось получить целое число.
    int a = true;

[строка 4]: Ожидалось получить вещественное число.
    real b = 3;

[строка 6]: Плохая строка.
    string c = 1.8;

[строка 8]: Ожидалось получить true или false.
    bool d = 5;

ОШИБКА КОМПИЛЯЦИИ
[ENDCASE]