[строка 19]: Неподходящий тип выражения.
    a = b;

[строка 21]: Неподходящий тип выражения.
    a = c;

ОШИБКА КОМПИЛЯЦИИ
[ENDCASE]